// Jest Snapshot v1, https://goo.gl/fbAQLP

exports[`should match a snapshot 1`] = `
<button
  className="SecondaryButton__StyledButton-sc-16t9p3t-0 eWdKnT"
  disabled={false}
  onClick={[Function]}
  type="normal"
>
  Button
</button>
`;
